
> chatforge-ai@0.1.0 build
> next build

Attention: Next.js now collects completely anonymous telemetry regarding usage.
This information is used to shape Next.js' roadmap and prioritize features.
You can learn more, including how to opt-out if you'd not like to participate in this anonymous program, by visiting the following URL:
https://nextjs.org/telemetry

   ▲ Next.js 14.1.0
   - Experiments (use at your own risk):
     · optimizeCss

   Creating an optimized production build ...
Failed to fetch font `Inter`.
URL: https://fonts.googleapis.com/css2?family=Inter:wght@100..900&display=swap

Please check if the network is available.

Retrying 1/3...
Failed to fetch font `Inter`.
URL: https://fonts.googleapis.com/css2?family=Inter:wght@100..900&display=swap

Please check if the network is available.

Retrying 2/3...
Failed to fetch font `Inter`.
URL: https://fonts.googleapis.com/css2?family=Inter:wght@100..900&display=swap

Please check if the network is available.

Retrying 3/3...
Error [NextFontError]: Failed to fetch font `Inter`.
URL: https://fonts.googleapis.com/css2?family=Inter:wght@100..900&display=swap

Please check if the network is available.
    at nextFontError (/home/user/Chatbotsaasmvp/node_modules/next/dist/compiled/@next/font/dist/next-font-error.js:8:17)
    at /home/user/Chatbotsaasmvp/node_modules/next/dist/compiled/@next/font/dist/google/fetch-css-from-google-fonts.js:58:53
    at process.processTicksAndRejections (node:internal/process/task_queues:105:5)
    at async retry (/home/user/Chatbotsaasmvp/node_modules/next/dist/compiled/@next/font/dist/google/retry.js:11:12)
    at async fetchCSSFromGoogleFonts (/home/user/Chatbotsaasmvp/node_modules/next/dist/compiled/@next/font/dist/google/fetch-css-from-google-fonts.js:38:23)
    at async nextFontGoogleFontLoader (/home/user/Chatbotsaasmvp/node_modules/next/dist/compiled/@next/font/dist/google/loader.js:76:15)
    at async Span.traceAsyncFn (/home/user/Chatbotsaasmvp/node_modules/next/dist/trace/trace.js:151:20)
    at async /home/user/Chatbotsaasmvp/node_modules/next/dist/build/webpack/loaders/next-font-loader/index.js:76:87
    at async Span.traceAsyncFn (/home/user/Chatbotsaasmvp/node_modules/next/dist/trace/trace.js:151:20)
